2025-08-20 10:15:55,049 INFO o.h.v.i.u.Version [background-preinit] HV000001: Hibernate Validator 8.0.2.Final
2025-08-20 10:15:55,207 INFO o.s.b.StartupInfoLogger [main] Starting Bootstrap using Java 21 with PID 16748 (C:\Users\koliveiras\workspace-study\ms-email-service\target\classes started by koliveiras in C:\Users\koliveiras\workspace-study\ms-email-service)
2025-08-20 10:15:55,211 DEBUG o.s.b.StartupInfoLogger [main] Running with Spring Boot v3.4.1, Spring v6.2.1
2025-08-20 10:15:55,213 INFO o.s.b.SpringApplication [main] The following 1 profile is active: "dev"
2025-08-20 10:15:58,210 INFO o.s.b.w.e.t.TomcatWebServer [main] Tomcat initialized with port 8083 (http)
2025-08-20 10:15:58,241 INFO o.a.j.l.DirectJDKLog [main] Initializing ProtocolHandler ["http-nio-8083"]
2025-08-20 10:15:58,246 INFO o.a.j.l.DirectJDKLog [main] Starting service [Tomcat]
2025-08-20 10:15:58,247 INFO o.a.j.l.DirectJDKLog [main] Starting Servlet engine: [Apache Tomcat/10.1.34]
2025-08-20 10:15:58,372 INFO o.a.j.l.DirectJDKLog [main] Initializing Spring embedded WebApplicationContext
2025-08-20 10:15:58,374 INFO o.s.b.w.s.c.ServletWebServerApplicationContext [main] Root WebApplicationContext: initialization completed in 3036 ms
2025-08-20 10:15:59,410 INFO o.a.j.l.DirectJDKLog [main] Starting ProtocolHandler ["http-nio-8083"]
2025-08-20 10:15:59,479 INFO o.s.b.w.e.t.TomcatWebServer [main] Tomcat started on port 8083 (http) with context path '/'
2025-08-20 10:15:59,500 INFO o.s.b.StartupInfoLogger [main] Started Bootstrap in 6.048 seconds (process running for 8.251)
2025-08-20 10:18:21,731 INFO o.h.v.i.u.Version [background-preinit] HV000001: Hibernate Validator 8.0.2.Final
2025-08-20 10:18:21,921 INFO o.s.b.StartupInfoLogger [main] Starting Bootstrap using Java 21 with PID 19472 (C:\Users\koliveiras\workspace-study\ms-email-service\target\classes started by koliveiras in C:\Users\koliveiras\workspace-study\ms-email-service)
2025-08-20 10:18:21,925 DEBUG o.s.b.StartupInfoLogger [main] Running with Spring Boot v3.4.1, Spring v6.2.1
2025-08-20 10:18:21,927 INFO o.s.b.SpringApplication [main] The following 1 profile is active: "dev"
2025-08-20 10:18:24,778 INFO o.s.b.w.e.t.TomcatWebServer [main] Tomcat initialized with port 8083 (http)
2025-08-20 10:18:24,809 INFO o.a.j.l.DirectJDKLog [main] Initializing ProtocolHandler ["http-nio-8083"]
2025-08-20 10:18:24,815 INFO o.a.j.l.DirectJDKLog [main] Starting service [Tomcat]
2025-08-20 10:18:24,815 INFO o.a.j.l.DirectJDKLog [main] Starting Servlet engine: [Apache Tomcat/10.1.34]
2025-08-20 10:18:24,935 INFO o.a.j.l.DirectJDKLog [main] Initializing Spring embedded WebApplicationContext
2025-08-20 10:18:24,935 INFO o.s.b.w.s.c.ServletWebServerApplicationContext [main] Root WebApplicationContext: initialization completed in 2865 ms
2025-08-20 10:18:25,816 INFO o.a.j.l.DirectJDKLog [main] Starting ProtocolHandler ["http-nio-8083"]
2025-08-20 10:18:25,892 INFO o.s.b.w.e.t.TomcatWebServer [main] Tomcat started on port 8083 (http) with context path '/'
2025-08-20 10:18:25,916 INFO o.s.b.StartupInfoLogger [main] Started Bootstrap in 6.634 seconds (process running for 9.075)
2025-08-20 10:19:19,898 INFO o.a.j.l.DirectJDKLog [http-nio-8083-exec-2] Initializing Spring DispatcherServlet 'dispatcherServlet'
2025-08-20 10:19:19,898 INFO o.s.w.s.FrameworkServlet [http-nio-8083-exec-2] Initializing Servlet 'dispatcherServlet'
2025-08-20 10:19:19,902 INFO o.s.w.s.FrameworkServlet [http-nio-8083-exec-2] Completed initialization in 3 ms
2025-08-20 10:19:20,255 INFO c.e.a.i.EmailAdapterIn [http-nio-8083-exec-2] Sending mail to: kennetholiveira2015@gmail.com, subject: Olá, text: Olá 123
2025-08-20 10:19:23,616 INFO c.e.a.i.EmailAdapterIn [http-nio-8083-exec-2] Email sent successfully to: kennetholiveira2015@gmail.com
2025-08-20 10:21:02,418 INFO o.s.b.w.e.t.GracefulShutdown [SpringApplicationShutdownHook] Commencing graceful shutdown. Waiting for active requests to complete
2025-08-20 10:21:02,434 INFO o.s.b.w.e.t.GracefulShutdown [tomcat-shutdown] Graceful shutdown complete
